<!DOCTYPE NETSCAPE-Bookmark-file-1>
<!-- This is an automatically generated file.
     It will be read and overwritten.
     DO NOT EDIT! -->
<META HTTP-EQUIV="Content-Type" CONTENT="text/html; charset=UTF-8">
<TITLE>Bookmarks</TITLE>
<H1>Bookmarks</H1>
<DL><p>
    <DT><H3 ADD_DATE="1700284756" LAST_MODIFIED="1700284756">Bookmarks Toolbar</H3>
    <DL><p>
        <DT><A HREF="https://www.mozilla.org/about/" ADD_DATE="1700284756">About</A>
    </DL><p>
    <DT><H3 ADD_DATE="1700284756" LAST_MODIFIED="1700284756" PERSONAL_TOOLBAR_FOLDER="true">Bookmarks Menu</H3>
    <DL><p>
        <DT><A HREF="https://www.google.com/" ADD_DATE="1723884832">Google</A>
        <HR>
        <DT><A HREF="https://github.com/" ADD_DATE="1700284756">GitHub</A>
    </DL><p>
</DL><p>
