<!DOCTYPE NETSCAPE-Bookmark-file-1>
<!-- This is an automatically generated file.
     It will be read and overwritten.
     DO NOT EDIT! -->
<META HTTP-EQUIV="Content-Type" CONTENT="text/html; charset=UTF-8">
<TITLE>Bookmarks</TITLE>
<H1>Bookmarks</H1>
<DL><p>
    <DT><H3 ADD_DATE="1543251918" LAST_MODIFIED="1715253428" PERSONAL_TOOLBAR_FOLDER="true">Bookmarks bar</H3>
    <DL><p>
        <DT><A HREF="https://www.google.com/" ADD_DATE="1662359122">Google</A>
    </DL><p>
</DL><p>
