<!DOCTYPE NETSCAPE-Bookmark-file-1>
<!-- This is an automatically generated file.
     It will be read and overwritten.
     DO NOT EDIT! -->
<META HTTP-EQUIV="Content-Type" CONTENT="text/html; charset=UTF-8">
<TITLE>Bookmarks</TITLE>
<H1>Bookmarks</H1>
<DL><p>
    <DT><H3 PERSONAL_TOOLBAR_FOLDER="true">Bookmarks bar</H3>
    <DL><p>
        <DT><A HREF="https://www.google.com/">Google</A>
        <DT><H3>Folder</H3>
        <DL><p>
            <DT><A HREF="https://github.com/">GitHub</A>
        </DL><p>
    </DL><p>
    <DT><H3>Other bookmarks</H3>
    <DL><p>
        <DT><A HREF="https://x.com/home">Home / X</A>
    </DL><p>
</DL><p>
